// Jest Snapshot v1, https://goo.gl/fbAQLP

exports[`DataGrids/WindPressureCombinedChart matches WindPressureCombinedChart component snapshot 1`] = `
{
  "asFragment": [Function],
  "baseElement": <body>
    <div>
      <div
        data-testid="windPressureChartContainer"
      >
        <div
          data-testid="windPressureChart"
        >
          <div
            data-testid="mockCartesianGrid"
          />
          <div
            data-testid="mockXAxis"
          />
          <div
            data-testid="mockYAxis"
          />
          <div
            data-testid="mockYAxis"
          />
          <div
            data-testid="mockTooltip"
          />
          <div
            data-testid="mockLegend"
          />
          <div
            data-testid="mockBar"
          >
            Mock Bar
          </div>
          <div
            data-testid="mockLine"
          >
            Mock Line
          </div>
        </div>
      </div>
    </div>
  </body>,
  "container": <div>
    <div
      data-testid="windPressureChartContainer"
    >
      <div
        data-testid="windPressureChart"
      >
        <div
          data-testid="mockCartesianGrid"
        />
        <div
          data-testid="mockXAxis"
        />
        <div
          data-testid="mockYAxis"
        />
        <div
          data-testid="mockYAxis"
        />
        <div
          data-testid="mockTooltip"
        />
        <div
          data-testid="mockLegend"
        />
        <div
          data-testid="mockBar"
        >
          Mock Bar
        </div>
        <div
          data-testid="mockLine"
        >
          Mock Line
        </div>
      </div>
    </div>
  </div>,
  "debug": [Function],
  "findAllByAltText": [Function],
  "findAllByDisplayValue": [Function],
  "findAllByLabelText": [Function],
  "findAllByPlaceholderText": [Function],
  "findAllByRole": [Function],
  "findAllByTestId": [Function],
  "findAllByText": [Function],
  "findAllByTitle": [Function],
  "findByAltText": [Function],
  "findByDisplayValue": [Function],
  "findByLabelText": [Function],
  "findByPlaceholderText": [Function],
  "findByRole": [Function],
  "findByTestId": [Function],
  "findByText": [Function],
  "findByTitle": [Function],
  "getAllByAltText": [Function],
  "getAllByDisplayValue": [Function],
  "getAllByLabelText": [Function],
  "getAllByPlaceholderText": [Function],
  "getAllByRole": [Function],
  "getAllByTestId": [Function],
  "getAllByText": [Function],
  "getAllByTitle": [Function],
  "getByAltText": [Function],
  "getByDisplayValue": [Function],
  "getByLabelText": [Function],
  "getByPlaceholderText": [Function],
  "getByRole": [Function],
  "getByTestId": [Function],
  "getByText": [Function],
  "getByTitle": [Function],
  "queryAllByAltText": [Function],
  "queryAllByDisplayValue": [Function],
  "queryAllByLabelText": [Function],
  "queryAllByPlaceholderText": [Function],
  "queryAllByRole": [Function],
  "queryAllByTestId": [Function],
  "queryAllByText": [Function],
  "queryAllByTitle": [Function],
  "queryByAltText": [Function],
  "queryByDisplayValue": [Function],
  "queryByLabelText": [Function],
  "queryByPlaceholderText": [Function],
  "queryByRole": [Function],
  "queryByTestId": [Function],
  "queryByText": [Function],
  "queryByTitle": [Function],
  "rerender": [Function],
  "unmount": [Function],
}
`;
