// Jest Snapshot v1, https://goo.gl/fbAQLP

exports[`FilterBar/Actions/ActionsButton matches ActionsButton component snapshot 1`] = `
{
  "asFragment": [Function],
  "baseElement": <body>
    <div>
      <div
        class="MuiBox-root css-2uchni"
        data-testid="actionsButton"
      >
        <button
          aria-label="Open actions"
          class=""
          data-mui-internal-clone-element="true"
          data-testid="styledMenuButton"
          sx="[object Object]"
        >
          Actions
          <span
            data-testid="endIcon"
          >
            <svg
              aria-hidden="true"
              class="MuiSvgIcon-root MuiSvgIcon-fontSizeMedium css-1umw9bq-MuiSvgIcon-root"
              data-testid="KeyboardArrowDownIcon"
              focusable="false"
              viewBox="0 0 24 24"
            >
              <path
                d="M7.41 8.59 12 13.17l4.59-4.58L18 10l-6 6-6-6z"
              />
            </svg>
          </span>
        </button>
        <div
          data-testid="actionsMenu"
        >
          <button
            data-testid="saveLocationButton"
          >
            Save Location
          </button>
          <button
            data-testid="exportLocationButton"
          >
            Export Location
          </button>
          <button
            data-testid="resetLocationButton"
          >
            Reset Location
          </button>
          <button
            data-testid="closeMenuButton"
          >
            Close Menu
          </button>
        </div>
      </div>
    </div>
  </body>,
  "container": <div>
    <div
      class="MuiBox-root css-2uchni"
      data-testid="actionsButton"
    >
      <button
        aria-label="Open actions"
        class=""
        data-mui-internal-clone-element="true"
        data-testid="styledMenuButton"
        sx="[object Object]"
      >
        Actions
        <span
          data-testid="endIcon"
        >
          <svg
            aria-hidden="true"
            class="MuiSvgIcon-root MuiSvgIcon-fontSizeMedium css-1umw9bq-MuiSvgIcon-root"
            data-testid="KeyboardArrowDownIcon"
            focusable="false"
            viewBox="0 0 24 24"
          >
            <path
              d="M7.41 8.59 12 13.17l4.59-4.58L18 10l-6 6-6-6z"
            />
          </svg>
        </span>
      </button>
      <div
        data-testid="actionsMenu"
      >
        <button
          data-testid="saveLocationButton"
        >
          Save Location
        </button>
        <button
          data-testid="exportLocationButton"
        >
          Export Location
        </button>
        <button
          data-testid="resetLocationButton"
        >
          Reset Location
        </button>
        <button
          data-testid="closeMenuButton"
        >
          Close Menu
        </button>
      </div>
    </div>
  </div>,
  "debug": [Function],
  "findAllByAltText": [Function],
  "findAllByDisplayValue": [Function],
  "findAllByLabelText": [Function],
  "findAllByPlaceholderText": [Function],
  "findAllByRole": [Function],
  "findAllByTestId": [Function],
  "findAllByText": [Function],
  "findAllByTitle": [Function],
  "findByAltText": [Function],
  "findByDisplayValue": [Function],
  "findByLabelText": [Function],
  "findByPlaceholderText": [Function],
  "findByRole": [Function],
  "findByTestId": [Function],
  "findByText": [Function],
  "findByTitle": [Function],
  "getAllByAltText": [Function],
  "getAllByDisplayValue": [Function],
  "getAllByLabelText": [Function],
  "getAllByPlaceholderText": [Function],
  "getAllByRole": [Function],
  "getAllByTestId": [Function],
  "getAllByText": [Function],
  "getAllByTitle": [Function],
  "getByAltText": [Function],
  "getByDisplayValue": [Function],
  "getByLabelText": [Function],
  "getByPlaceholderText": [Function],
  "getByRole": [Function],
  "getByTestId": [Function],
  "getByText": [Function],
  "getByTitle": [Function],
  "queryAllByAltText": [Function],
  "queryAllByDisplayValue": [Function],
  "queryAllByLabelText": [Function],
  "queryAllByPlaceholderText": [Function],
  "queryAllByRole": [Function],
  "queryAllByTestId": [Function],
  "queryAllByText": [Function],
  "queryAllByTitle": [Function],
  "queryByAltText": [Function],
  "queryByDisplayValue": [Function],
  "queryByLabelText": [Function],
  "queryByPlaceholderText": [Function],
  "queryByRole": [Function],
  "queryByTestId": [Function],
  "queryByText": [Function],
  "queryByTitle": [Function],
  "rerender": [Function],
  "unmount": [Function],
}
`;
