// Jest Snapshot v1, https://goo.gl/fbAQLP

exports[`useHistoricalDates matches useHistoricalDates hook snapshot 1`] = `
{
  "data": [
    "2023-01-01",
    "2023-01-02",
    "2023-01-03",
  ],
  "error": null,
  "isLoading": false,
}
`;
