// Jest Snapshot v1, https://goo.gl/fbAQLP

exports[`useLoginQuery matches useLoginQuery hook snapshot 1`] = `
{
  "error": null,
  "isLoading": false,
  "isSuccess": undefined,
  "loginData": null,
  "refetch": [MockFunction],
}
`;
