// Jest Snapshot v1, https://goo.gl/fbAQLP

exports[`useSaveLocationQuery matches useSaveLocationQuery hook snapshot 1`] = `
{
  "data": {},
  "error": null,
  "isLoading": false,
  "refetch": [MockFunction],
}
`;
