// Jest Snapshot v1, https://goo.gl/fbAQLP

exports[`pages/ForecastPage matches ForecastPage component snapshot 1`] = `
<div>
  <header
    class="MuiPaper-root MuiPaper-elevation MuiPaper-elevation0 MuiAppBar-root MuiAppBar-colorTransparent MuiAppBar-positionStatic css-94iixj-MuiPaper-root-MuiAppBar-root"
    style="--Paper-shadow: none;"
  >
    <div
      class="MuiToolbar-root MuiToolbar-gutters MuiToolbar-regular css-t4zkma-MuiToolbar-root"
    >
      <div
        class="MuiAutocomplete-root MuiAutocomplete-hasPopupIcon css-1tlcqt-MuiAutocomplete-root"
      >
        <div
          class="MuiFormControl-root MuiFormControl-fullWidth MuiTextField-root css-rs1at4-MuiFormControl-root-MuiTextField-root"
          data-testid="locationSearchBox"
        >
          <div
            class="MuiInputBase-root MuiOutlinedInput-root MuiInputBase-colorPrimary MuiInputBase-fullWidth MuiInputBase-formControl MuiInputBase-adornedStart MuiInputBase-adornedEnd MuiAutocomplete-inputRoot css-1e3qgpi-MuiInputBase-root-MuiOutlinedInput-root"
          >
            <div
              class="MuiInputAdornment-root MuiInputAdornment-positionStart MuiInputAdornment-outlined MuiInputAdornment-sizeMedium css-1nowbqt-MuiInputAdornment-root"
            >
              <span
                aria-hidden="true"
                class="notranslate"
              >
                ​
              </span>
              <svg
                aria-hidden="true"
                class="MuiSvgIcon-root MuiSvgIcon-fontSizeMedium css-1umw9bq-MuiSvgIcon-root"
                data-testid="SearchOutlinedIcon"
                focusable="false"
                viewBox="0 0 24 24"
              >
                <path
                  d="M15.5 14h-.79l-.28-.27C15.41 12.59 16 11.11 16 9.5 16 5.91 13.09 3 9.5 3S3 5.91 3 9.5 5.91 16 9.5 16c1.61 0 3.09-.59 4.23-1.57l.27.28v.79l5 4.99L20.49 19zm-6 0C7.01 14 5 11.99 5 9.5S7.01 5 9.5 5 14 7.01 14 9.5 11.99 14 9.5 14"
                />
              </svg>
            </div>
            <input
              aria-autocomplete="list"
              aria-expanded="false"
              aria-invalid="false"
              autocapitalize="none"
              autocomplete="off"
              class="MuiInputBase-input MuiOutlinedInput-input MuiInputBase-inputAdornedStart MuiInputBase-inputAdornedEnd MuiAutocomplete-input MuiAutocomplete-inputFocused css-qve9l1-MuiInputBase-input-MuiOutlinedInput-input"
              id="«r0»"
              placeholder="Location"
              role="combobox"
              spellcheck="false"
              type="text"
              value=""
            />
            <div
              class="MuiAutocomplete-endAdornment css-1uhhrmm-MuiAutocomplete-endAdornment"
            >
              <button
                aria-label="Open"
                class="MuiButtonBase-root MuiIconButton-root MuiIconButton-sizeMedium MuiAutocomplete-popupIndicator css-2y136s-MuiButtonBase-root-MuiIconButton-root-MuiAutocomplete-popupIndicator"
                tabindex="-1"
                title="Open"
                type="button"
              >
                <svg
                  aria-hidden="true"
                  class="MuiSvgIcon-root MuiSvgIcon-fontSizeMedium css-1umw9bq-MuiSvgIcon-root"
                  data-testid="ArrowDropDownIcon"
                  focusable="false"
                  viewBox="0 0 24 24"
                >
                  <path
                    d="M7 10l5 5 5-5z"
                  />
                </svg>
              </button>
            </div>
            <fieldset
              aria-hidden="true"
              class="MuiOutlinedInput-notchedOutline css-1ll44ll-MuiOutlinedInput-notchedOutline"
            >
              <legend
                class="css-w4cd9x"
              >
                <span
                  aria-hidden="true"
                  class="notranslate"
                >
                  ​
                </span>
              </legend>
            </fieldset>
          </div>
        </div>
      </div>
    </div>
  </header>
  <div
    class="MuiBox-root css-1l5d7sl"
  >
    <div
      class="MuiGrid2-root MuiGrid2-container MuiGrid2-direction-xs-row MuiGrid2-spacing-xs-2 css-1yfq57-MuiGrid2-root"
    >
      <div
        class="MuiGrid2-root MuiGrid2-direction-xs-row css-7yij0q-MuiGrid2-root"
      >
        <div
          class="MuiPaper-root MuiPaper-elevation MuiPaper-rounded MuiPaper-elevation1 css-ctxb8s-MuiPaper-root"
          data-testid="forecastTileSkeleton"
          style="--Paper-shadow: 0px 2px 1px -1px rgba(0,0,0,0.2),0px 1px 1px 0px rgba(0,0,0,0.14),0px 1px 3px 0px rgba(0,0,0,0.12);"
        >
          <span
            class="MuiSkeleton-root MuiSkeleton-rectangular MuiSkeleton-wave css-1km0t8c-MuiSkeleton-root"
            style="width: 100%; height: 100%;"
          />
        </div>
      </div>
      <div
        class="MuiGrid2-root MuiGrid2-direction-xs-row css-7yij0q-MuiGrid2-root"
      >
        <div
          class="MuiPaper-root MuiPaper-elevation MuiPaper-rounded MuiPaper-elevation1 css-ctxb8s-MuiPaper-root"
          data-testid="forecastTileSkeleton"
          style="--Paper-shadow: 0px 2px 1px -1px rgba(0,0,0,0.2),0px 1px 1px 0px rgba(0,0,0,0.14),0px 1px 3px 0px rgba(0,0,0,0.12);"
        >
          <span
            class="MuiSkeleton-root MuiSkeleton-rectangular MuiSkeleton-wave css-1km0t8c-MuiSkeleton-root"
            style="width: 100%; height: 100%;"
          />
        </div>
      </div>
      <div
        class="MuiGrid2-root MuiGrid2-direction-xs-row css-7yij0q-MuiGrid2-root"
      >
        <div
          class="MuiPaper-root MuiPaper-elevation MuiPaper-rounded MuiPaper-elevation1 css-ctxb8s-MuiPaper-root"
          data-testid="forecastTileSkeleton"
          style="--Paper-shadow: 0px 2px 1px -1px rgba(0,0,0,0.2),0px 1px 1px 0px rgba(0,0,0,0.14),0px 1px 3px 0px rgba(0,0,0,0.12);"
        >
          <span
            class="MuiSkeleton-root MuiSkeleton-rectangular MuiSkeleton-wave css-1km0t8c-MuiSkeleton-root"
            style="width: 100%; height: 100%;"
          />
        </div>
      </div>
      <div
        class="MuiGrid2-root MuiGrid2-direction-xs-row css-7yij0q-MuiGrid2-root"
      >
        <div
          class="MuiPaper-root MuiPaper-elevation MuiPaper-rounded MuiPaper-elevation1 css-ctxb8s-MuiPaper-root"
          data-testid="forecastTileSkeleton"
          style="--Paper-shadow: 0px 2px 1px -1px rgba(0,0,0,0.2),0px 1px 1px 0px rgba(0,0,0,0.14),0px 1px 3px 0px rgba(0,0,0,0.12);"
        >
          <span
            class="MuiSkeleton-root MuiSkeleton-rectangular MuiSkeleton-wave css-1km0t8c-MuiSkeleton-root"
            style="width: 100%; height: 100%;"
          />
        </div>
      </div>
      <div
        class="MuiGrid2-root MuiGrid2-direction-xs-row css-7yij0q-MuiGrid2-root"
      >
        <div
          class="MuiPaper-root MuiPaper-elevation MuiPaper-rounded MuiPaper-elevation1 css-ctxb8s-MuiPaper-root"
          data-testid="forecastTileSkeleton"
          style="--Paper-shadow: 0px 2px 1px -1px rgba(0,0,0,0.2),0px 1px 1px 0px rgba(0,0,0,0.14),0px 1px 3px 0px rgba(0,0,0,0.12);"
        >
          <span
            class="MuiSkeleton-root MuiSkeleton-rectangular MuiSkeleton-wave css-1km0t8c-MuiSkeleton-root"
            style="width: 100%; height: 100%;"
          />
        </div>
      </div>
      <div
        class="MuiGrid2-root MuiGrid2-direction-xs-row css-7yij0q-MuiGrid2-root"
      >
        <div
          class="MuiPaper-root MuiPaper-elevation MuiPaper-rounded MuiPaper-elevation1 css-ctxb8s-MuiPaper-root"
          data-testid="forecastTileSkeleton"
          style="--Paper-shadow: 0px 2px 1px -1px rgba(0,0,0,0.2),0px 1px 1px 0px rgba(0,0,0,0.14),0px 1px 3px 0px rgba(0,0,0,0.12);"
        >
          <span
            class="MuiSkeleton-root MuiSkeleton-rectangular MuiSkeleton-wave css-1km0t8c-MuiSkeleton-root"
            style="width: 100%; height: 100%;"
          />
        </div>
      </div>
      <div
        class="MuiGrid2-root MuiGrid2-direction-xs-row css-7yij0q-MuiGrid2-root"
      >
        <div
          class="MuiPaper-root MuiPaper-elevation MuiPaper-rounded MuiPaper-elevation1 css-ctxb8s-MuiPaper-root"
          data-testid="forecastTileSkeleton"
          style="--Paper-shadow: 0px 2px 1px -1px rgba(0,0,0,0.2),0px 1px 1px 0px rgba(0,0,0,0.14),0px 1px 3px 0px rgba(0,0,0,0.12);"
        >
          <span
            class="MuiSkeleton-root MuiSkeleton-rectangular MuiSkeleton-wave css-1km0t8c-MuiSkeleton-root"
            style="width: 100%; height: 100%;"
          />
        </div>
      </div>
    </div>
  </div>
</div>
`;
