// Jest Snapshot v1, https://goo.gl/fbAQLP

exports[`DataGrids/useMapCoordinates matches useMapCoordinates hook snapshot 1`] = `
[
  51.505,
  -0.09,
]
`;
