// Jest Snapshot v1, https://goo.gl/fbAQLP

exports[`DataGrids/ForecastTileGroup/ForecastTile matches ForecastTile component snapshot 1`] = `
{
  "asFragment": [Function],
  "baseElement": <body>
    <div>
      <div
        class="MuiPaper-root MuiPaper-elevation MuiPaper-rounded MuiPaper-elevation1 css-1sj61kq-MuiPaper-root"
        data-testid="forecastTile"
        style="--Paper-shadow: 0px 2px 1px -1px rgba(0,0,0,0.2),0px 1px 1px 0px rgba(0,0,0,0.14),0px 1px 3px 0px rgba(0,0,0,0.12);"
      >
        <h6
          class="MuiTypography-root MuiTypography-h6 css-h9fkkg-MuiTypography-root"
          data-testid="dayName"
        >
          Thursday
        </h6>
        <h6
          class="MuiTypography-root MuiTypography-subtitle1 css-1i3tsf3-MuiTypography-root"
          data-testid="date"
        >
          May 8
        </h6>
        <div
          class="MuiBox-root css-1uaifz8"
        >
          <h2
            class="MuiTypography-root MuiTypography-h2 css-ciltfl-MuiTypography-root"
            data-testid="temperature"
          >
            22.5
            <span
              style="font-size: 0.5em; vertical-align: super;"
            >
              °C
            </span>
          </h2>
        </div>
        <div
          class="MuiBox-root css-0"
        >
          <p
            class="MuiTypography-root MuiTypography-body1 css-rizt0-MuiTypography-root"
            data-testid="precipitation"
          >
            Precipitation: 
            0.50
             mm/h
          </p>
          <p
            class="MuiTypography-root MuiTypography-body1 css-rizt0-MuiTypography-root"
            data-testid="pressure"
          >
            Pressure: 
            1013.00
             hPa
          </p>
        </div>
      </div>
    </div>
  </body>,
  "container": <div>
    <div
      class="MuiPaper-root MuiPaper-elevation MuiPaper-rounded MuiPaper-elevation1 css-1sj61kq-MuiPaper-root"
      data-testid="forecastTile"
      style="--Paper-shadow: 0px 2px 1px -1px rgba(0,0,0,0.2),0px 1px 1px 0px rgba(0,0,0,0.14),0px 1px 3px 0px rgba(0,0,0,0.12);"
    >
      <h6
        class="MuiTypography-root MuiTypography-h6 css-h9fkkg-MuiTypography-root"
        data-testid="dayName"
      >
        Thursday
      </h6>
      <h6
        class="MuiTypography-root MuiTypography-subtitle1 css-1i3tsf3-MuiTypography-root"
        data-testid="date"
      >
        May 8
      </h6>
      <div
        class="MuiBox-root css-1uaifz8"
      >
        <h2
          class="MuiTypography-root MuiTypography-h2 css-ciltfl-MuiTypography-root"
          data-testid="temperature"
        >
          22.5
          <span
            style="font-size: 0.5em; vertical-align: super;"
          >
            °C
          </span>
        </h2>
      </div>
      <div
        class="MuiBox-root css-0"
      >
        <p
          class="MuiTypography-root MuiTypography-body1 css-rizt0-MuiTypography-root"
          data-testid="precipitation"
        >
          Precipitation: 
          0.50
           mm/h
        </p>
        <p
          class="MuiTypography-root MuiTypography-body1 css-rizt0-MuiTypography-root"
          data-testid="pressure"
        >
          Pressure: 
          1013.00
           hPa
        </p>
      </div>
    </div>
  </div>,
  "debug": [Function],
  "findAllByAltText": [Function],
  "findAllByDisplayValue": [Function],
  "findAllByLabelText": [Function],
  "findAllByPlaceholderText": [Function],
  "findAllByRole": [Function],
  "findAllByTestId": [Function],
  "findAllByText": [Function],
  "findAllByTitle": [Function],
  "findByAltText": [Function],
  "findByDisplayValue": [Function],
  "findByLabelText": [Function],
  "findByPlaceholderText": [Function],
  "findByRole": [Function],
  "findByTestId": [Function],
  "findByText": [Function],
  "findByTitle": [Function],
  "getAllByAltText": [Function],
  "getAllByDisplayValue": [Function],
  "getAllByLabelText": [Function],
  "getAllByPlaceholderText": [Function],
  "getAllByRole": [Function],
  "getAllByTestId": [Function],
  "getAllByText": [Function],
  "getAllByTitle": [Function],
  "getByAltText": [Function],
  "getByDisplayValue": [Function],
  "getByLabelText": [Function],
  "getByPlaceholderText": [Function],
  "getByRole": [Function],
  "getByTestId": [Function],
  "getByText": [Function],
  "getByTitle": [Function],
  "queryAllByAltText": [Function],
  "queryAllByDisplayValue": [Function],
  "queryAllByLabelText": [Function],
  "queryAllByPlaceholderText": [Function],
  "queryAllByRole": [Function],
  "queryAllByTestId": [Function],
  "queryAllByText": [Function],
  "queryAllByTitle": [Function],
  "queryByAltText": [Function],
  "queryByDisplayValue": [Function],
  "queryByLabelText": [Function],
  "queryByPlaceholderText": [Function],
  "queryByRole": [Function],
  "queryByTestId": [Function],
  "queryByText": [Function],
  "queryByTitle": [Function],
  "rerender": [Function],
  "unmount": [Function],
}
`;
