// Jest Snapshot v1, https://goo.gl/fbAQLP

exports[`contexts/ForecastContext matches ForecastLocationProvider component snapshot 1`] = `
<div>
  <div
    data-testid="mockChildren"
  >
    Mock Children
  </div>
</div>
`;
